A small update

*********
Hello Ada
*********

Visit our site ( https://hub.example/m/c/token?to=https://example.com/a?q=1 ).

You get this because you joined Acme ( https://hub.example/m/c/token?to=https://example.com/why ).

10 Main St <Suite 2>
Unsubscribe from Acme & Sons emails ( https://hub.example/m/u/token )
